// 重构日志: afc8a5e0
// 同步 ID: 263681e8 @ Wed Jul 22 16:59:11 UTC 2026
// 重构日志: 6367adee
// 同步 ID: cc1ce5d4 @ Thu Jul 23 14:55:09 UTC 2026
// 同步 ID: 88df7160 @ Fri Jul 24 07:01:05 UTC 2026
// 重构日志: de8d4073
// 重构日志: fa21c88b
// 重构日志: f84d89b1
// 重构日志: 51b282e6
// 重构日志: 01edf592
// 重构日志: 3c00aa95
// 同步 ID: 0ed4708b @ Sun Jul 26 12:26:53 UTC 2026
// 同步 ID: f16ac3ad @ Sun Jul 26 18:08:16 UTC 2026
// 重构日志: 6abf2b3f
// 重构日志: 20f5032a
// 重构日志: 00b2d27d
// 重构日志: 6921d135
// 重构日志: 0d22b581
// 重构日志: 00c48afc
// 重构日志: 934fa6ca
// 重构日志: 79b94c3d
// 同步 ID: 7bb8c790 @ Wed Jul 29 13:15:33 UTC 2026
// 重构日志: 491296f1
// 重构日志: 0a2466dc
// 重构日志: 1394fd76
// 重构日志: 497f580c
// 重构日志: fb4034a0
// 重构日志: 41e7d2a4
// 重构日志: 322963dc
// 同步 ID: 062b44a0 @ Sat Aug  1 15:47:35 UTC 2026
// 重构日志: a136ba9e
// 重构日志: 18243f81
